// Jest Snapshot v1, https://goo.gl/fbAQLP

exports[`NewForm renders correctly 1`] = `
<form
  onSubmit={[Function]}
>
  <div
    className="form-group"
  >
    <label>
      First Name
    </label>
    <div>
      <input
        className="form-control"
        name="firstName"
        onBlur={[Function]}
        onChange={[Function]}
        onDragStart={[Function]}
        onDrop={[Function]}
        onFocus={[Function]}
        placeholder="First Name"
        type="text"
        value=""
      />
    </div>
  </div>
  <div
    className="form-group"
  >
    <label>
      Last Name
    </label>
    <div>
      <input
        className="form-control"
        name="lastName"
        onBlur={[Function]}
        onChange={[Function]}
        onDragStart={[Function]}
        onDrop={[Function]}
        onFocus={[Function]}
        placeholder="Last Name"
        type="text"
        value=""
      />
    </div>
  </div>
  <div
    className="form-group"
  >
    <label>
      E-mail
    </label>
    <div>
      <input
        className="form-control"
        name="email"
        onBlur={[Function]}
        onChange={[Function]}
        onDragStart={[Function]}
        onDrop={[Function]}
        onFocus={[Function]}
        placeholder="E-mail"
        type="email"
        value=""
      />
    </div>
  </div>
  <div>
    <button
      className="btn btn-success"
      disabled={false}
      type="submit"
    >
      Submit
    </button>
    <button
      className="btn btn-default"
      disabled={true}
      onClick={[Function]}
      type="button"
    >
      Clear
    </button>
  </div>
</form>
`;
