// Jest Snapshot v1, https://goo.gl/fbAQLP

exports[`CardComponent renders correctly 1`] = `
<div
  className="container-edit-contact"
>
  <div
    className="col-md-6"
  >
    <div
      className="panel panel-default"
    >
      <div
        className="panel-heading"
      >
        <h3
          className="panel-title"
        >
          Edit Contact
        </h3>
      </div>
      <div
        className="panel-body"
      >
        <form
          onSubmit={[Function]}
        >
          <div
            className="form-group"
          >
            <label>
              First Name
            </label>
            <div>
              <input
                className="form-control"
                name="firstName"
                onBlur={[Function]}
                onChange={[Function]}
                onDragStart={[Function]}
                onDrop={[Function]}
                onFocus={[Function]}
                placeholder="First Name"
                type="text"
                value=""
              />
            </div>
          </div>
          <div
            className="form-group"
          >
            <label>
              Last Name
            </label>
            <div>
              <input
                className="form-control"
                name="lastName"
                onBlur={[Function]}
                onChange={[Function]}
                onDragStart={[Function]}
                onDrop={[Function]}
                onFocus={[Function]}
                placeholder="Last Name"
                type="text"
                value=""
              />
            </div>
          </div>
          <div
            className="form-group"
          >
            <label>
              mail
            </label>
            <div>
              <input
                className="form-control"
                name="email"
                onBlur={[Function]}
                onChange={[Function]}
                onDragStart={[Function]}
                onDrop={[Function]}
                onFocus={[Function]}
                placeholder="mail"
                type="text"
                value=""
              />
            </div>
          </div>
          <div>
            <button
              className="btn btn-success"
              disabled={false}
              type="submit"
            >
              Update
            </button>
            <button
              className="btn btn-default"
              disabled={true}
              onClick={[Function]}
              type="button"
            >
              Undo Changes
            </button>
          </div>
        </form>
      </div>
    </div>
  </div>
</div>
`;
